// Jest Snapshot v1, https://goo.gl/fbAQLP

exports[`TrendingNow Component with Enzyme should match snapshot 1`] = `ShallowWrapper {}`;
