// Jest Snapshot v1, https://goo.gl/fbAQLP

exports[`AdminPanel Component matches snapshot 1`] = `ReactWrapper {}`;
